  main.cpp
D:\escape\workbooks\Workbooks\Workbooks\main.cpp(23,25): warning C4244: '+=': conversion from 'float' to 'int', possible loss of data
D:\escape\workbooks\Workbooks\Workbooks\main.cpp(60,9): error C7595: 'std::basic_format_string<char,int &>::basic_format_string': call to immediate function is not a constant expression
      C:\Program Files\Microsoft Visual Studio\2022\Community\VC\Tools\MSVC\14.38.33130\include\format(1759,32):
      failure was caused by call of undefined function or one not declared 'constexpr'
      C:\Program Files\Microsoft Visual Studio\2022\Community\VC\Tools\MSVC\14.38.33130\include\format(1759,32):
      see usage of 'std::_Throw_format_error'
      D:\escape\workbooks\Workbooks\Workbooks\main.cpp(60,9):
      the call stack of the evaluation (the oldest call first) is
          D:\escape\workbooks\Workbooks\Workbooks\main.cpp(60,9):
          while evaluating function 'std::basic_format_string<char,int &>::basic_format_string<char[21]>(const _Ty (&))'
          with
          [
              _Ty=char [21]
          ]
          C:\Program Files\Microsoft Visual Studio\2022\Community\VC\Tools\MSVC\14.38.33130\include\format(3674,33):
          while evaluating function 'void std::_Parse_format_string<char,std::_Format_checker<_CharT,int>>(std::basic_string_view<char,std::char_traits<char>>,_HandlerT &&)'
          with
          [
              _CharT=char,
              _HandlerT=std::_Format_checker<char,int>
          ]
          C:\Program Files\Microsoft Visual Studio\2022\Community\VC\Tools\MSVC\14.38.33130\include\format(1511,42):
          while evaluating function 'const _CharT *std::_Parse_replacement_field<char,_HandlerT&>(const _CharT *,const _CharT *,std::_Format_checker<_CharT,int>&)'
          with
          [
              _CharT=char,
              _HandlerT=std::_Format_checker<char,int>
          ]
          C:\Program Files\Microsoft Visual Studio\2022\Community\VC\Tools\MSVC\14.38.33130\include\format(1460,47):
          while evaluating function 'const _CharT *std::_Format_checker<_CharT,int>::_On_format_specs(const size_t,const _CharT *,const _CharT *)'
          with
          [
              _CharT=char
          ]
          C:\Program Files\Microsoft Visual Studio\2022\Community\VC\Tools\MSVC\14.38.33130\include\format(3513,42):
          while evaluating function 'std::_String_view_iterator<_Traits> std::_Compile_time_parse_format_specs<int,std::basic_format_parse_context<char>>(_ParseContext &)'
          with
          [
              _Traits=std::char_traits<char>,
              _ParseContext=std::basic_format_parse_context<char>
          ]
          C:\Program Files\Microsoft Visual Studio\2022\Community\VC\Tools\MSVC\14.38.33130\include\format(3493,22):
          while evaluating function 'std::_String_view_iterator<_Traits> std::_Formatter_base<int,_CharT,std::_Basic_format_arg_type::_Int_type>::parse(std::basic_format_parse_context<_CharT> &)'
          with
          [
              _Traits=std::char_traits<char>,
              _CharT=char
          ]
          C:\Program Files\Microsoft Visual Studio\2022\Community\VC\Tools\MSVC\14.38.33130\include\format(3587,45):
          while evaluating function 'const _CharT *std::_Parse_format_specs<_CharT,std::_Specs_checker<std::_Dynamic_specs_handler<std::basic_format_parse_context<_CharT>>>&>(const _CharT *,const _CharT *,_Callbacks_type)'
          with
          [
              _CharT=char,
              _Callbacks_type=std::_Specs_checker<std::_Dynamic_specs_handler<std::basic_format_parse_context<char>>> &
          ]
          C:\Program Files\Microsoft Visual Studio\2022\Community\VC\Tools\MSVC\14.38.33130\include\format(1408,34):
          while evaluating function 'const _CharT *std::_Parse_precision<_CharT,std::_Specs_checker<std::_Dynamic_specs_handler<std::basic_format_parse_context<_CharT>>>&>(const _CharT *,const _CharT *,_Callbacks_type)'
          with
          [
              _CharT=char,
              _Callbacks_type=std::_Specs_checker<std::_Dynamic_specs_handler<std::basic_format_parse_context<char>>> &
          ]
          C:\Program Files\Microsoft Visual Studio\2022\Community\VC\Tools\MSVC\14.38.33130\include\format(1337,33):
          while evaluating function 'void std::_Specs_checker<std::_Dynamic_specs_handler<std::basic_format_parse_context<char>>>::_On_precision(int)'
          C:\Program Files\Microsoft Visual Studio\2022\Community\VC\Tools\MSVC\14.38.33130\include\format(1789,25):
          while evaluating function 'void std::_Specs_checker<std::_Dynamic_specs_handler<std::basic_format_parse_context<char>>>::_Check_precision(void) const'
          C:\Program Files\Microsoft Visual Studio\2022\Community\VC\Tools\MSVC\14.38.33130\include\format(1759,32):
          while evaluating function 'void std::_Throw_format_error(const char *const )'
  
